I'm sorry, but errors were detected in your script. Please correct the
errors listed below, and try again.


File "game/script.rpy", line 23: expected 'image_name_component' not found.
    image 
          ^

Ren'Py Version: Ren'Py 8.0.3.22090809
Mon Jul 31 00:35:30 2023
